// Jest Snapshot v1, https://goo.gl/fbAQLP

exports[`Testing ... <GifItem /> Generar y validar con el snapshot ... 1`] = `
<div>
  <div
    class="card"
  >
    <img
      alt="One Punch Man GIF"
      src="https://media1.giphy.com/media/VXJWhaO7afRe/giphy.gif?cid=557e256fq6eblsak90npnnqmv5i04n5hi9emusmg03q5dym5&ep=v1_gifs_search&rid=giphy.gif&ct=g"
    />
    <p>
      One Punch Man GIF
    </p>
  </div>
</div>
`;
